[checking.tabgraphix.net/index.html]
[backblue.gif]
[fade.gif]
[index.html]
[checking.tabgraphix.net/wp-includes/css/dist/block-library/style.min6a4d.css]
[checking.tabgraphix.net/feed/index.html]
[checking.tabgraphix.net/wp-content/plugins/woocommerce/packages/woocommerce-blocks/build/wc-blocks-vendors-style13cb.css]
[checking.tabgraphix.net/comments/feed/index.html]
[checking.tabgraphix.net/wp-content/plugins/woocommerce/packages/woocommerce-blocks/build/wc-blocks-style13cb.css]
[checking.tabgraphix.net/wp-includes/css/classic-themes.min68b3.css]
[checking.tabgraphix.net/wp-content/plugins/contact-form-7/includes/css/styles9f31.css]
[checking.tabgraphix.net/wp-content/plugins/woocommerce/assets/css/woocommerce-layout9156.css]
[checking.tabgraphix.net/wp-content/plugins/woocommerce/assets/css/woocommerce-smallscreen9156.css]
[checking.tabgraphix.net/wp-content/plugins/woocommerce/assets/css/woocommerce9156.css]
[checking.tabgraphix.net/wp-content/plugins/rselements/assets/css/materialize6a4d.css]
[checking.tabgraphix.net/wp-content/plugins/rselements/assets/fonts/flaticon6a4d.css]
[checking.tabgraphix.net/wp-content/plugins/rselements/assets/css/headding-title6a4d.css]
[checking.tabgraphix.net/wp-content/plugins/rselements/assets/css/rsaddons6a4d.css]
[checking.tabgraphix.net/wp-content/themes/bizup/assets/css/bootstrap.min6a4d.css]
[checking.tabgraphix.net/wp-content/plugins/elementor/assets/lib/font-awesome/css/font-awesome.min1849.css]
[checking.tabgraphix.net/wp-content/themes/bizup/assets/css/font-awesome.min.all6a4d.css]
[checking.tabgraphix.net/wp-content/themes/bizup/assets/css/flaticon6a4d.css]
[checking.tabgraphix.net/wp-content/themes/bizup/assets/font/flaticon6a4d.css]
[checking.tabgraphix.net/wp-content/themes/bizup/assets/css/owl.carousel6a4d.css]
[checking.tabgraphix.net/wp-content/themes/bizup/assets/css/slick6a4d.css]
[checking.tabgraphix.net/wp-content/themes/bizup/assets/css/magnific-popup6a4d.css]
[checking.tabgraphix.net/wp-content/themes/bizup/assets/css/custom6a4d.css]
[checking.tabgraphix.net/wp-content/themes/bizup/assets/css/default6a4d.css]
[checking.tabgraphix.net/wp-content/themes/bizup/assets/css/responsive6a4d.css]
[checking.tabgraphix.net/wp-content/themes/bizup/style6a4d.css]
[checking.tabgraphix.net/wp-content/plugins/elementor/assets/lib/eicons/css/elementor-icons.mine127.css]
[checking.tabgraphix.net/wp-content/plugins/elementor/assets/css/frontend-lite.min12f9.css]
[checking.tabgraphix.net/wp-content/uploads/elementor/css/post-8a2e8.css]
[checking.tabgraphix.net/wp-content/uploads/elementor/css/global6595.css]
[checking.tabgraphix.net/wp-content/uploads/elementor/css/post-272794ee0.css]
[checking.tabgraphix.net/wp-includes/js/jquery/jquery.mina7a0.js]
[checking.tabgraphix.net/wp-includes/js/jquery/jquery-migrate.mind617.js]
[checking.tabgraphix.net/wp-json/wp/v2/pages/27279.json]
[checking.tabgraphix.net/wp-json/index.html]
[checking.tabgraphix.net/xmlrpc0db0.php]
[checking.tabgraphix.net/wp-includes/wlwmanifest.xml]
[checking.tabgraphix.net/wp-json/oembed/1.0/embed05ee.json]
[checking.tabgraphix.net/wp-json/oembed/1.0/embed1db2]
[checking.tabgraphix.net/wp-content/plugins/modal-window/public/assets/css/style.min03ec.css]
[checking.tabgraphix.net/report-a-theft/index.html]
[checking.tabgraphix.net/wp-content/plugins/revslider/public/assets/css/rs69f6d.css]
[checking.tabgraphix.net/wp-content/plugins/contact-form-7/includes/swv/js/index9f31.js]
[checking.tabgraphix.net/check-safe-location/index.html]
[checking.tabgraphix.net/business-planning/index.html]
[checking.tabgraphix.net/wp-content/plugins/contact-form-7/includes/js/index9f31.js]
[checking.tabgraphix.net/tax-strategy/index.html]
[checking.tabgraphix.net/financial-advices/index.html]
[checking.tabgraphix.net/wp-content/plugins/revslider/public/assets/js/rbtools.min8331.js]
[checking.tabgraphix.net/insurance-strategy/index.html]
[checking.tabgraphix.net/faq/index.html]
[checking.tabgraphix.net/manage-investment/index.html]
[checking.tabgraphix.net/wp-content/plugins/woocommerce/assets/js/jquery-blockui/jquery.blockUI.min0c29.js]
[checking.tabgraphix.net/contact/index.html]
[checking.tabgraphix.net/wp-content/plugins/revslider/public/assets/js/rs6.min9f6d.js]
[checking.tabgraphix.net/wp-content/plugins/woocommerce/assets/js/frontend/add-to-cart.min9156.js]
[checking.tabgraphix.net/wp-content/plugins/woocommerce/assets/js/js-cookie/js.cookie.min5a70.js]
[checking.tabgraphix.net/wp-content/plugins/woocommerce/assets/js/frontend/woocommerce.min9156.js]
[checking.tabgraphix.net/wp-content/plugins/woocommerce/assets/js/frontend/cart-fragments.min9156.js]
[checking.tabgraphix.net/wp-content/plugins/rselements/assets/js/popper.min5139.js]
[checking.tabgraphix.net/wp-content/plugins/rselements/assets/js/headding-title5139.js]
[checking.tabgraphix.net/wp-content/plugins/rselements/assets/js/slick.min5139.js]
[checking.tabgraphix.net/wp-content/plugins/rselements/assets/js/materialize.min5139.js]
[checking.tabgraphix.net/wp-content/plugins/rselements/assets/js/tilt.jquery.min5139.js]
[checking.tabgraphix.net/wp-content/plugins/rselements/assets/js/jquery-ui5139.js]
[checking.tabgraphix.net/wp-content/plugins/rselements/assets/js/jQuery-plugin-progressbar5139.js]
[checking.tabgraphix.net/wp-includes/js/imagesloaded.mineda1.js]
[checking.tabgraphix.net/wp-content/plugins/rselements/assets/js/custom5139.js]
[checking.tabgraphix.net/wp-content/themes/bizup/assets/js/modernizr-2.8.3.min4a7d.js]
[checking.tabgraphix.net/wp-content/themes/bizup/assets/js/bootstrap.min4a7d.js]
[checking.tabgraphix.net/wp-content/themes/bizup/assets/js/owl.carousel.min4a7d.js]
[checking.tabgraphix.net/wp-content/themes/bizup/assets/js/classie5139.js]
[checking.tabgraphix.net/wp-content/themes/bizup/assets/js/waypoints.min4a7d.js]
[checking.tabgraphix.net/wp-content/themes/bizup/assets/js/waypoints-sticky.min4a7d.js]
[checking.tabgraphix.net/wp-content/themes/bizup/assets/js/jquery.counterup.min4a7d.js]
[checking.tabgraphix.net/wp-content/themes/bizup/assets/js/isotope-bizup4a7d.js]
[checking.tabgraphix.net/wp-content/themes/bizup/assets/js/jquery.magnific-popup.min4a7d.js]
[checking.tabgraphix.net/wp-content/themes/bizup/assets/js/main5139.js]
[checking.tabgraphix.net/wp-content/plugins/modal-window/public/assets/js/jquery.effects.min03ec.js]
[checking.tabgraphix.net/wp-content/plugins/modal-window/public/assets/js/jquery.modalWindow.min03ec.js]
[checking.tabgraphix.net/wp-content/plugins/mailchimp-for-wp/assets/js/formsd227.js]
[checking.tabgraphix.net/wp-content/plugins/elementor/assets/js/webpack.runtime.min12f9.js]
[checking.tabgraphix.net/wp-content/plugins/elementor/assets/js/frontend-modules.min12f9.js]
[checking.tabgraphix.net/wp-content/plugins/elementor/assets/lib/waypoints/waypoints.min05da.js]
[checking.tabgraphix.net/wp-includes/js/jquery/ui/core.min3f14.js]
[checking.tabgraphix.net/index.html]
[checking.tabgraphix.net/wp-includes/css/dist/block-library/style.min6a4d.css]
[checking.tabgraphix.net/wp-content/plugins/woocommerce/packages/woocommerce-blocks/build/wc-blocks-vendors-style13cb.css]
[checking.tabgraphix.net/wp-content/plugins/woocommerce/packages/woocommerce-blocks/build/wc-blocks-style13cb.css]
[checking.tabgraphix.net/wp-includes/css/classic-themes.min68b3.css]
[checking.tabgraphix.net/wp-content/plugins/contact-form-7/includes/css/styles9f31.css]
[checking.tabgraphix.net/wp-content/plugins/woocommerce/assets/css/woocommerce-layout9156.css]
[checking.tabgraphix.net/wp-content/plugins/woocommerce/assets/css/woocommerce-smallscreen9156.css]
[checking.tabgraphix.net/wp-content/plugins/elementor/assets/js/frontend.min12f9.js]
[checking.tabgraphix.net/wp-content/plugins/woocommerce/assets/fonts/star.eot]
[checking.tabgraphix.net/wp-content/plugins/woocommerce/assets/fonts/stard41d.eot]
[checking.tabgraphix.net/wp-content/plugins/woocommerce/assets/fonts/star.woff]
[checking.tabgraphix.net/wp-content/plugins/woocommerce/assets/fonts/star.ttf]
[checking.tabgraphix.net/wp-content/plugins/woocommerce/assets/fonts/WooCommerce.eot]
[checking.tabgraphix.net/wp-content/plugins/woocommerce/assets/fonts/WooCommerced41d.eot]
[checking.tabgraphix.net/wp-content/plugins/woocommerce/assets/fonts/WooCommerce.woff]
[checking.tabgraphix.net/wp-content/plugins/woocommerce/assets/fonts/WooCommerce.ttf]
[checking.tabgraphix.net/wp-content/plugins/woocommerce/assets/css/woocommerce9156.css]
[checking.tabgraphix.net/wp-content/plugins/rselements/assets/css/materialize6a4d.css]
[checking.tabgraphix.net/wp-content/plugins/rselements/assets/fonts/Flaticon.eot]
[checking.tabgraphix.net/wp-content/plugins/rselements/assets/fonts/Flaticond41d.eot]
[checking.tabgraphix.net/wp-content/plugins/rselements/assets/fonts/Flaticon.woff2]
[checking.tabgraphix.net/wp-content/plugins/rselements/assets/fonts/Flaticon.woff]
[checking.tabgraphix.net/wp-content/plugins/rselements/assets/fonts/Flaticon.ttf]
[checking.tabgraphix.net/wp-content/plugins/rselements/assets/fonts/flaticon6a4d.css]
[checking.tabgraphix.net/wp-content/plugins/rselements/assets/css/headding-title6a4d.css]
[checking.tabgraphix.net/wp-content/plugins/rselements/assets/css/rsaddons6a4d.css]
[checking.tabgraphix.net/wp-content/themes/bizup/assets/css/bootstrap.min6a4d.css]
[checking.tabgraphix.net/wp-content/themes/bizup/assets/webfonts/fa-brands-400.eot]
[checking.tabgraphix.net/wp-content/themes/bizup/assets/webfonts/fa-brands-400d41d.eot]
[checking.tabgraphix.net/wp-content/themes/bizup/assets/webfonts/fa-brands-400.woff2]
[checking.tabgraphix.net/wp-content/themes/bizup/assets/webfonts/fa-brands-400.woff]
[checking.tabgraphix.net/wp-content/themes/bizup/assets/webfonts/fa-brands-400.ttf]
[checking.tabgraphix.net/wp-content/themes/bizup/assets/webfonts/fa-regular-400.eot]
[checking.tabgraphix.net/wp-content/themes/bizup/assets/webfonts/fa-regular-400d41d.eot]
[checking.tabgraphix.net/wp-content/themes/bizup/assets/webfonts/fa-regular-400.woff2]
[checking.tabgraphix.net/wp-content/themes/bizup/assets/webfonts/fa-regular-400.woff]
[checking.tabgraphix.net/wp-content/themes/bizup/assets/webfonts/fa-regular-400.ttf]
[checking.tabgraphix.net/wp-content/themes/bizup/assets/webfonts/fa-solid-900.eot]
[checking.tabgraphix.net/wp-content/themes/bizup/assets/webfonts/fa-solid-900d41d.eot]
[checking.tabgraphix.net/wp-content/themes/bizup/assets/webfonts/fa-solid-900.woff2]
[checking.tabgraphix.net/wp-content/themes/bizup/assets/webfonts/fa-solid-900.woff]
[checking.tabgraphix.net/wp-content/themes/bizup/assets/webfonts/fa-solid-900.ttf]
[checking.tabgraphix.net/wp-content/themes/bizup/assets/css/font-awesome.min.all6a4d.css]
[checking.tabgraphix.net/wp-content/plugins/elementor/assets/lib/font-awesome/fonts/fontawesome-webfont3e6e.eot]
[checking.tabgraphix.net/wp-content/plugins/elementor/assets/lib/font-awesome/fonts/fontawesome-webfontd41d.eot]
[checking.tabgraphix.net/wp-content/plugins/elementor/assets/lib/font-awesome/fonts/fontawesome-webfont3e6e.woff2]
[checking.tabgraphix.net/wp-content/plugins/elementor/assets/lib/font-awesome/fonts/fontawesome-webfont3e6e.woff]
[checking.tabgraphix.net/wp-content/plugins/elementor/assets/lib/font-awesome/fonts/fontawesome-webfont3e6e.ttf]
[checking.tabgraphix.net/wp-content/plugins/elementor/assets/lib/font-awesome/css/font-awesome.min1849.css]
[checking.tabgraphix.net/wp-content/themes/bizup/assets/fonts/Flaticon.eot]
[checking.tabgraphix.net/wp-content/themes/bizup/assets/fonts/Flaticond41d.eot]
[checking.tabgraphix.net/wp-content/themes/bizup/assets/fonts/Flaticon.woff]
[checking.tabgraphix.net/wp-content/themes/bizup/assets/fonts/Flaticon.ttf]
[checking.tabgraphix.net/wp-content/themes/bizup/assets/css/flaticon6a4d.css]
[checking.tabgraphix.net/wp-content/themes/bizup/assets/font/flaticona20f.ttf]
[checking.tabgraphix.net/wp-content/themes/bizup/assets/font/flaticona20f.woff]
[checking.tabgraphix.net/wp-content/themes/bizup/assets/font/flaticona20f.woff2]
[checking.tabgraphix.net/wp-content/themes/bizup/assets/font/flaticona20f.eot]
[checking.tabgraphix.net/wp-content/themes/bizup/assets/font/flaticon6a4d.css]
[checking.tabgraphix.net/wp-content/themes/bizup/assets/css/owl.carousel6a4d.css]
[checking.tabgraphix.net/wp-content/themes/bizup/assets/css/slick6a4d.css]
[checking.tabgraphix.net/wp-content/themes/bizup/assets/css/magnific-popup6a4d.css]
[checking.tabgraphix.net/wp-content/themes/bizup/assets/images/close.png]
[checking.tabgraphix.net/wp-content/themes/bizup/assets/css/default6a4d.css]
[checking.tabgraphix.net/wp-content/themes/bizup/assets/css/custom6a4d.css]
[checking.tabgraphix.net/wp-content/themes/bizup/assets/css/responsive6a4d.css]
[checking.tabgraphix.net/wp-content/themes/bizup/style6a4d.css]
[checking.tabgraphix.net/wp-content/plugins/elementor/assets/lib/eicons/fonts/eicons1ecc.eot]
[checking.tabgraphix.net/wp-content/plugins/elementor/assets/lib/eicons/fonts/eicons1ecc.woff2]
[checking.tabgraphix.net/wp-content/plugins/elementor/assets/lib/eicons/fonts/eicons1ecc.woff]
[checking.tabgraphix.net/wp-content/plugins/elementor/assets/lib/eicons/fonts/eicons1ecc.ttf]
[checking.tabgraphix.net/wp-content/plugins/elementor/assets/lib/eicons/css/elementor-icons.mine127.css]
[checking.tabgraphix.net/wp-content/plugins/elementor/assets/css/frontend-lite.min12f9.css]
[checking.tabgraphix.net/wp-content/uploads/elementor/css/post-8a2e8.css]
[checking.tabgraphix.net/wp-content/uploads/elementor/css/global6595.css]
[checking.tabgraphix.net/wp-content/uploads/2023/01/ab0873a38381dd139895baa3e672e0c0-59a6b0b7632901f86b6e6bc8426c0afd16165555394845.png]
[checking.tabgraphix.net/wp-content/uploads/elementor/css/post-272794ee0.css]
[checking.tabgraphix.net/wp-content/uploads/elementor/css/post-272803ae5.css]
[checking.tabgraphix.net/wp-json/wp/v2/pages/27280.json]
[checking.tabgraphix.net/wp-json/oembed/1.0/embedbc76.json]
[checking.tabgraphix.net/wp-json/oembed/1.0/embed9391]
[ajax.googleapis.com/ajax/libs/jquery/3.6.1/jquery.min.js]
[cdn.jsdelivr.net/npm/bootstrap@5.2.3/dist/css/bootstrap.min.css]
[checking.tabgraphix.net/report-a-theft/index.html]
[cdn.jsdelivr.net/npm/bootstrap@5.2.3/dist/js/bootstrap.bundle.min.js]
[checking.tabgraphix.net/wp-content/uploads/elementor/css/post-273717a9a.css]
[checking.tabgraphix.net/wp-json/wp/v2/pages/27371.json]
[checking.tabgraphix.net/wp-json/oembed/1.0/embed2d96.json]
[checking.tabgraphix.net/wp-json/oembed/1.0/embedf3d0]
[checking.tabgraphix.net/check-safe-location/index.html]
[checking.tabgraphix.net/wp-content/uploads/elementor/css/post-1857a9a.css]
[checking.tabgraphix.net/wp-json/wp/v2/pages/185.json]
[checking.tabgraphix.net/wp-json/oembed/1.0/embed2a13.json]
[checking.tabgraphix.net/wp-json/oembed/1.0/embedb378]
[checking.tabgraphix.net/wp-content/uploads/2021/07/about_op.jpg]
[keenitsolutions.com/products/wordpress/bizup/wp-content/uploads/2021/07/document.png]
[keenitsolutions.com/products/wordpress/bizup/wp-content/uploads/2021/07/badge-1.png]
[keenitsolutions.com/products/wordpress/bizup/wp-content/uploads/2021/07/conversation.png]
[keenitsolutions.com/products/wordpress/bizup/wp-content/uploads/2021/07/checklists.png]
[keenitsolutions.com/products/wordpress/bizup/wp-content/uploads/2021/07/memo.png]
[keenitsolutions.com/products/wordpress/bizup/wp-content/uploads/2021/07/reload.png]
[keenitsolutions.com/products/wordpress/bizup/wp-content/uploads/2021/07/planning.png]
[keenitsolutions.com/products/wordpress/bizup/wp-content/uploads/2021/07/target.png]
[keenitsolutions.com/products/wordpress/bizup/wp-content/uploads/2021/07/quality.png]
[keenitsolutions.com/products/wordpress/bizup/wp-content/uploads/2021/07/download-1.png]
[keenitsolutions.com/products/wordpress/bizup/wp-content/uploads/2021/07/pie-chart.png]
[checking.tabgraphix.net/wp-content/uploads/2021/07/1_1.png]
[checking.tabgraphix.net/wp-content/uploads/2021/07/2-1.png]
[checking.tabgraphix.net/wp-content/uploads/2021/07/3_1.png]
[checking.tabgraphix.net/wp-content/uploads/2021/07/5_1.png]
[checking.tabgraphix.net/wp-content/uploads/2021/07/6.png]
[checking.tabgraphix.net/wp-content/uploads/2021/07/7_1.png]
[checking.tabgraphix.net/wp-content/uploads/2021/07/8_1.png]
[checking.tabgraphix.net/business-planning/index.html]
[checking.tabgraphix.net/wp-content/uploads/elementor/css/post-1872902.css]
[checking.tabgraphix.net/wp-json/wp/v2/pages/187.json]
[checking.tabgraphix.net/wp-json/oembed/1.0/embedce0e.json]
[checking.tabgraphix.net/wp-json/oembed/1.0/embed9b74]
[keenitsolutions.com/products/wordpress/bizup/wp-content/uploads/2021/08/inr_6.jpg]
[checking.tabgraphix.net/wp-content/uploads/2021/08/service-single.jpg]
[checking.tabgraphix.net/wp-content/uploads/2021/07/service1.jpg]
[checking.tabgraphix.net/wp-content/uploads/2021/07/service2.jpg]
[checking.tabgraphix.net/wp-content/uploads/2021/08/2-1.jpg]
[checking.tabgraphix.net/tax-strategy/index.html]
[checking.tabgraphix.net/wp-content/uploads/elementor/css/post-189bd10.css]
[checking.tabgraphix.net/wp-json/wp/v2/pages/189.json]
[checking.tabgraphix.net/wp-json/oembed/1.0/embed0ec9.json]
[checking.tabgraphix.net/wp-json/oembed/1.0/embedf2a6]
[checking.tabgraphix.net/financial-advices/index.html]
[checking.tabgraphix.net/wp-content/uploads/elementor/css/post-191e707.css]
[checking.tabgraphix.net/wp-json/wp/v2/pages/191.json]
[checking.tabgraphix.net/wp-json/oembed/1.0/embed79a4.json]
[checking.tabgraphix.net/wp-json/oembed/1.0/embedd5e1]
[checking.tabgraphix.net/insurance-strategy/index.html]
[checking.tabgraphix.net/wp-content/uploads/elementor/css/post-195e707.css]
[checking.tabgraphix.net/wp-json/wp/v2/pages/195.json]
[checking.tabgraphix.net/wp-json/oembed/1.0/embed357c.json]
[checking.tabgraphix.net/wp-json/oembed/1.0/embedfe78]
[checking.tabgraphix.net/manage-investment/index.html]
[checking.tabgraphix.net/wp-content/uploads/elementor/css/post-223935d39.css]
[checking.tabgraphix.net/wp-content/plugins/elementor/assets/lib/font-awesome/css/fontawesome.min52d5.css]
[checking.tabgraphix.net/wp-content/plugins/elementor/assets/lib/font-awesome/css/solid.min52d5.css]
[checking.tabgraphix.net/wp-json/wp/v2/pages/22393.json]
[checking.tabgraphix.net/wp-json/oembed/1.0/embed598b.json]
[checking.tabgraphix.net/wp-json/oembed/1.0/embed9546]
[keenitsolutions.com/products/wordpress/bizup/wp-content/uploads/2021/07/location-1.png]
[keenitsolutions.com/products/wordpress/bizup/wp-content/uploads/2021/07/chat.png]
[keenitsolutions.com/products/wordpress/bizup/wp-content/uploads/2021/07/phone-call.png]
[checking.tabgraphix.net/faq/index.html]
[checking.tabgraphix.net/wp-content/uploads/elementor/css/post-174039.css]
[checking.tabgraphix.net/wp-json/wp/v2/pages/17.json]
[checking.tabgraphix.net/wp-json/oembed/1.0/embed689c.json]
[checking.tabgraphix.net/wp-json/oembed/1.0/embed2801]
[checking.tabgraphix.net/contact/index.html]
[checking.tabgraphix.net/wp-content/plugins/modal-window/public/assets/css/style.min03ec.css]
[checking.tabgraphix.net/wp-content/plugins/revslider/public/assets/fonts/revicons/revicons90c6.eot]
[checking.tabgraphix.net/wp-content/plugins/revslider/public/assets/fonts/revicons/revicons90c6.woff]
[checking.tabgraphix.net/wp-content/plugins/revslider/public/assets/fonts/revicons/revicons90c6.ttf]
[checking.tabgraphix.net/wp-content/plugins/revslider/public/assets/assets/gridtile.png]
[checking.tabgraphix.net/wp-content/plugins/revslider/public/assets/assets/gridtile_white.png]
[checking.tabgraphix.net/wp-content/plugins/revslider/public/assets/assets/gridtile_3x3.png]
[checking.tabgraphix.net/wp-content/plugins/revslider/public/assets/assets/gridtile_3x3_white.png]
[checking.tabgraphix.net/wp-content/plugins/revslider/public/assets/assets/coloredbg.png]
[checking.tabgraphix.net/wp-content/plugins/revslider/public/assets/assets/loader.gif]
[checking.tabgraphix.net/wp-content/plugins/revslider/public/assets/css/rs69f6d.css]
[checking.tabgraphix.net/wp-content/plugins/woocommerce/assets/fonts/star.svg]
[checking.tabgraphix.net/wp-content/plugins/woocommerce/assets/fonts/WooCommerce.svg]
[checking.tabgraphix.net/wp-content/plugins/woocommerce/assets/images/icons/loader.svg]
[checking.tabgraphix.net/wp-content/plugins/woocommerce/assets/images/icons/credit-cards/visa.svg]
[checking.tabgraphix.net/wp-content/plugins/woocommerce/assets/images/icons/credit-cards/mastercard.svg]
[checking.tabgraphix.net/wp-content/plugins/woocommerce/assets/images/icons/credit-cards/laser.svg]
[checking.tabgraphix.net/wp-content/plugins/woocommerce/assets/images/icons/credit-cards/diners.svg]
[checking.tabgraphix.net/wp-content/plugins/woocommerce/assets/images/icons/credit-cards/maestro.svg]
[checking.tabgraphix.net/wp-content/plugins/woocommerce/assets/images/icons/credit-cards/jcb.svg]
[checking.tabgraphix.net/wp-content/plugins/woocommerce/assets/images/icons/credit-cards/amex.svg]
[checking.tabgraphix.net/wp-content/plugins/woocommerce/assets/images/icons/credit-cards/discover.svg]
[checking.tabgraphix.net/wp-content/plugins/rselements/assets/fonts/Flaticon.svg]
[checking.tabgraphix.net/wp-content/themes/bizup/assets/webfonts/fa-brands-400.svg]
[checking.tabgraphix.net/wp-content/themes/bizup/assets/webfonts/fa-regular-400.svg]
[checking.tabgraphix.net/wp-content/themes/bizup/assets/webfonts/fa-solid-900.svg]
[checking.tabgraphix.net/wp-content/plugins/elementor/assets/lib/font-awesome/fonts/fontawesome-webfont3e6e.svg]
[checking.tabgraphix.net/wp-content/themes/bizup/assets/fonts/Flaticon.svg]
[checking.tabgraphix.net/wp-content/themes/bizup/assets/css/Flaticon.html]
[checking.tabgraphix.net/wp-content/themes/bizup/assets/font/flaticona20f.svg]
[checking.tabgraphix.net/wp-content/themes/bizup/assets/css/owl.video.play.html]
[checking.tabgraphix.net/wp-content/themes/bizup/assets/css/ajax-loader.html]
[checking.tabgraphix.net/wp-content/themes/bizup/assets/css/fonts/slick.html]
[checking.tabgraphix.net/wp-content/themes/bizup/assets/css/fonts/slickd41d.html]
[checking.tabgraphix.net/wp-content/themes/bizup/assets/css/fonts/slick-2.html]
[checking.tabgraphix.net/wp-content/themes/bizup/assets/css/fonts/slick-3.html]
[checking.tabgraphix.net/wp-content/themes/bizup/assets/css/fonts/slick-4.html]
[checking.tabgraphix.net/wp-content/themes/bizup/assets/images/about-overlay-l.html]
[checking.tabgraphix.net/wp-content/themes/bizup/assets/images/about-overlay-r.html]
[checking.tabgraphix.net/wp-content/plugins/elementor/assets/lib/eicons/fonts/eicons1ecc.svg]
[checking.tabgraphix.net/wp-content/uploads/2021/08/inr_9.jpg]
[checking.tabgraphix.net/wp-content/uploads/elementor/css/post-272803ae5.css]
[checking.tabgraphix.net/index2593.html]
[cdn.jsdelivr.net/npm/bootstrap@5.2.3/dist/css/bootstrap.min.css]
[checking.tabgraphix.net/wp-content/uploads/elementor/css/post-273717a9a.css]
[checking.tabgraphix.net/index7126.html]
[checking.tabgraphix.net/wp-content/uploads/2021/08/inr_8.jpg]
[checking.tabgraphix.net/wp-content/uploads/elementor/css/post-1857a9a.css]
[checking.tabgraphix.net/indexb998.html]
[checking.tabgraphix.net/wp-content/uploads/2021/07/quote-1.png]
[checking.tabgraphix.net/wp-content/uploads/2021/08/side-img.jpg]
[checking.tabgraphix.net/wp-content/uploads/elementor/css/post-1872902.css]
[checking.tabgraphix.net/indexc885.html]
[checking.tabgraphix.net/wp-content/uploads/2021/08/inr_1.jpg]
[checking.tabgraphix.net/wp-content/uploads/elementor/css/post-189bd10.css]
[checking.tabgraphix.net/indexa80c.html]
[checking.tabgraphix.net/wp-content/uploads/2021/08/inr_2.jpg]
[checking.tabgraphix.net/wp-content/uploads/elementor/css/post-191e707.css]
[checking.tabgraphix.net/indexbbbf.html]
[checking.tabgraphix.net/wp-content/uploads/2021/08/inr_6.jpg]
[checking.tabgraphix.net/wp-content/uploads/elementor/css/post-195e707.css]
[checking.tabgraphix.net/index78d6.html]
[checking.tabgraphix.net/wp-content/uploads/elementor/css/post-223935d39.css]
[checking.tabgraphix.net/wp-content/plugins/elementor/assets/lib/font-awesome/css/fontawesome.min52d5.css]
[checking.tabgraphix.net/wp-content/plugins/elementor/assets/lib/font-awesome/webfonts/fa-solid-900.eot]
[checking.tabgraphix.net/wp-content/plugins/elementor/assets/lib/font-awesome/webfonts/fa-solid-900d41d.eot]
[checking.tabgraphix.net/wp-content/plugins/elementor/assets/lib/font-awesome/webfonts/fa-solid-900.woff2]
[checking.tabgraphix.net/wp-content/plugins/elementor/assets/lib/font-awesome/webfonts/fa-solid-900.woff]
[checking.tabgraphix.net/wp-content/plugins/elementor/assets/lib/font-awesome/webfonts/fa-solid-900.ttf]
[checking.tabgraphix.net/wp-content/plugins/elementor/assets/lib/font-awesome/css/solid.min52d5.css]
[checking.tabgraphix.net/index3d47.html]
[checking.tabgraphix.net/wp-content/uploads/2021/07/office-building.jpg]
[checking.tabgraphix.net/wp-content/uploads/elementor/css/post-174039.css]
[checking.tabgraphix.net/indexd8eb.html]
[checking.tabgraphix.net/wp-content/plugins/revslider/public/assets/fonts/revicons/revicons90c6.svg]
[checking.tabgraphix.net/wp-content/plugins/revslider/public/assets/css/openhand.html]
[checking.tabgraphix.net/wp-content/plugins/revslider/public/assets/css/closedhand.html]
[checking.tabgraphix.net/wp-content/plugins/elementor/assets/lib/font-awesome/webfonts/fa-solid-900.svg]
